  Determinando los proyectos que se van a restaurar...
D:\Documentos\Crud de Inventarios con (.NET + React)\backend\InventoryManagementAPI.Api\InventoryManagementAPI.Api.csproj : warning NU1603: InventoryManagementAPI.Api depende de Swashbuckle.AspNetCore (>= 6.4.6), pero no se encontr├│ Swashbuckle.AspNetCore 6.4.6. Swashbuckle.AspNetCore 6.5.0 se resolvi├│ en su lugar. [D:\Documentos\Crud de Inventarios con (.NET + React)\backend\InventoryManagementAPI.sln]
D:\Documentos\Crud de Inventarios con (.NET + React)\backend\InventoryManagementAPI.Infrastructure\InventoryManagementAPI.Infrastructure.csproj : warning NU1902: El paquete "System.IdentityModel.Tokens.Jwt" 7.0.3 tiene una vulnerabilidad de gravedad moderada conocida, https://github.com/advisories/GHSA-59j7-ghrg-fj52 [D:\Documentos\Crud de Inventarios con (.NET + React)\backend\InventoryManagementAPI.sln]
D:\Documentos\Crud de Inventarios con (.NET + React)\backend\InventoryManagementAPI.Application\InventoryManagementAPI.Application.csproj : warning NU1903: El paquete "AutoMapper" 13.0.1 tiene una vulnerabilidad de gravedad alta conocida, https://github.com/advisories/GHSA-rvv3-g6hj-g44x [D:\Documentos\Crud de Inventarios con (.NET + React)\backend\InventoryManagementAPI.sln]
  Se ha restaurado D:\Documentos\Crud de Inventarios con (.NET + React)\backend\InventoryManagementAPI.Domain\InventoryManagementAPI.Domain.csproj (en 1.98 s).
  Se ha restaurado D:\Documentos\Crud de Inventarios con (.NET + React)\backend\InventoryManagementAPI.Application\InventoryManagementAPI.Application.csproj (en 2.02 s).
  Se ha restaurado D:\Documentos\Crud de Inventarios con (.NET + React)\backend\InventoryManagementAPI.Api\InventoryManagementAPI.Api.csproj (en 2.15 s).
  Se ha restaurado D:\Documentos\Crud de Inventarios con (.NET + React)\backend\InventoryManagementAPI.Infrastructure\InventoryManagementAPI.Infrastructure.csproj (en 2.14 s).
D:\Documentos\Crud de Inventarios con (.NET + React)\backend\InventoryManagementAPI.Application\InventoryManagementAPI.Application.csproj : warning NU1903: El paquete "AutoMapper" 13.0.1 tiene una vulnerabilidad de gravedad alta conocida, https://github.com/advisories/GHSA-rvv3-g6hj-g44x
D:\Documentos\Crud de Inventarios con (.NET + React)\backend\InventoryManagementAPI.Infrastructure\InventoryManagementAPI.Infrastructure.csproj : warning NU1902: El paquete "System.IdentityModel.Tokens.Jwt" 7.0.3 tiene una vulnerabilidad de gravedad moderada conocida, https://github.com/advisories/GHSA-59j7-ghrg-fj52
D:\Documentos\Crud de Inventarios con (.NET + React)\backend\InventoryManagementAPI.Api\InventoryManagementAPI.Api.csproj : warning NU1603: InventoryManagementAPI.Api depende de Swashbuckle.AspNetCore (>= 6.4.6), pero no se encontr├│ Swashbuckle.AspNetCore 6.4.6. Swashbuckle.AspNetCore 6.5.0 se resolvi├│ en su lugar.
  InventoryManagementAPI.Domain -> D:\Documentos\Crud de Inventarios con (.NET + React)\backend\InventoryManagementAPI.Domain\bin\Debug\net8.0\InventoryManagementAPI.Domain.dll
D:\Documentos\Crud de Inventarios con (.NET + React)\backend\InventoryManagementAPI.Application\DTOs\Products\ProductDtos.cs(115,12): error CS0246: El nombre del tipo o del espacio de nombres 'CategoryResponse' no se encontr├│ (┬┐falta una directiva using o una referencia de ensamblado?) [D:\Documentos\Crud de Inventarios con (.NET + React)\backend\InventoryManagementAPI.Application\InventoryManagementAPI.Application.csproj]
D:\Documentos\Crud de Inventarios con (.NET + React)\backend\InventoryManagementAPI.Application\DTOs\Products\ProductDtos.cs(116,12): error CS0246: El nombre del tipo o del espacio de nombres 'InventoryResponse' no se encontr├│ (┬┐falta una directiva using o una referencia de ensamblado?) [D:\Documentos\Crud de Inventarios con (.NET + React)\backend\InventoryManagementAPI.Application\InventoryManagementAPI.Application.csproj]

ERROR al compilar.

D:\Documentos\Crud de Inventarios con (.NET + React)\backend\InventoryManagementAPI.Api\InventoryManagementAPI.Api.csproj : warning NU1603: InventoryManagementAPI.Api depende de Swashbuckle.AspNetCore (>= 6.4.6), pero no se encontr├│ Swashbuckle.AspNetCore 6.4.6. Swashbuckle.AspNetCore 6.5.0 se resolvi├│ en su lugar. [D:\Documentos\Crud de Inventarios con (.NET + React)\backend\InventoryManagementAPI.sln]
D:\Documentos\Crud de Inventarios con (.NET + React)\backend\InventoryManagementAPI.Infrastructure\InventoryManagementAPI.Infrastructure.csproj : warning NU1902: El paquete "System.IdentityModel.Tokens.Jwt" 7.0.3 tiene una vulnerabilidad de gravedad moderada conocida, https://github.com/advisories/GHSA-59j7-ghrg-fj52 [D:\Documentos\Crud de Inventarios con (.NET + React)\backend\InventoryManagementAPI.sln]
D:\Documentos\Crud de Inventarios con (.NET + React)\backend\InventoryManagementAPI.Application\InventoryManagementAPI.Application.csproj : warning NU1903: El paquete "AutoMapper" 13.0.1 tiene una vulnerabilidad de gravedad alta conocida, https://github.com/advisories/GHSA-rvv3-g6hj-g44x [D:\Documentos\Crud de Inventarios con (.NET + React)\backend\InventoryManagementAPI.sln]
D:\Documentos\Crud de Inventarios con (.NET + React)\backend\InventoryManagementAPI.Application\InventoryManagementAPI.Application.csproj : warning NU1903: El paquete "AutoMapper" 13.0.1 tiene una vulnerabilidad de gravedad alta conocida, https://github.com/advisories/GHSA-rvv3-g6hj-g44x
D:\Documentos\Crud de Inventarios con (.NET + React)\backend\InventoryManagementAPI.Infrastructure\InventoryManagementAPI.Infrastructure.csproj : warning NU1902: El paquete "System.IdentityModel.Tokens.Jwt" 7.0.3 tiene una vulnerabilidad de gravedad moderada conocida, https://github.com/advisories/GHSA-59j7-ghrg-fj52
D:\Documentos\Crud de Inventarios con (.NET + React)\backend\InventoryManagementAPI.Api\InventoryManagementAPI.Api.csproj : warning NU1603: InventoryManagementAPI.Api depende de Swashbuckle.AspNetCore (>= 6.4.6), pero no se encontr├│ Swashbuckle.AspNetCore 6.4.6. Swashbuckle.AspNetCore 6.5.0 se resolvi├│ en su lugar.
D:\Documentos\Crud de Inventarios con (.NET + React)\backend\InventoryManagementAPI.Application\DTOs\Products\ProductDtos.cs(115,12): error CS0246: El nombre del tipo o del espacio de nombres 'CategoryResponse' no se encontr├│ (┬┐falta una directiva using o una referencia de ensamblado?) [D:\Documentos\Crud de Inventarios con (.NET + React)\backend\InventoryManagementAPI.Application\InventoryManagementAPI.Application.csproj]
D:\Documentos\Crud de Inventarios con (.NET + React)\backend\InventoryManagementAPI.Application\DTOs\Products\ProductDtos.cs(116,12): error CS0246: El nombre del tipo o del espacio de nombres 'InventoryResponse' no se encontr├│ (┬┐falta una directiva using o una referencia de ensamblado?) [D:\Documentos\Crud de Inventarios con (.NET + React)\backend\InventoryManagementAPI.Application\InventoryManagementAPI.Application.csproj]
    6 Advertencia(s)
    2 Errores

Tiempo transcurrido 00:00:09.02
